2025-10-15 20:42:04.116 [background-preinit] INFO  org.hibernate.validator.internal.util.Version - HV000001: Hibernate Validator 8.0.3.Final
2025-10-15 20:42:04.220 [main] INFO  c.xtechcn.cloud.runner.SingleStartRunner$Companion - Starting SingleStartRunner.Companion using Java 21.0.6 with PID 8972 (D:\code\xtechcn-single-fresh\xtechcn-cloud\single-business\single-runner\target\classes started by 黄李云 in D:\code\xtechcn-single-fresh)
2025-10-15 20:42:04.223 [main] INFO  c.xtechcn.cloud.runner.SingleStartRunner$Companion - The following 8 profiles are active: "mp", "jdbc-ds", "redis", "swagger", "antireplay", "auth-default", "base-default", "dev"
2025-10-15 20:42:07.121 [main] INFO  o.s.d.r.config.RepositoryConfigurationDelegate - Multiple Spring Data modules found, entering strict repository configuration mode
2025-10-15 20:42:07.126 [main] INFO  o.s.d.r.config.RepositoryConfigurationDelegate - Bootstrapping Spring Data Redis repositories in DEFAULT mode.
2025-10-15 20:42:07.168 [main] INFO  o.s.d.r.config.RepositoryConfigurationDelegate - Finished Spring Data repository scanning in 17 ms. Found 0 Redis repository interfaces.
2025-10-15 20:42:09.586 [main] INFO  io.undertow.servlet - Initializing Spring embedded WebApplicationContext
2025-10-15 20:42:09.586 [main] INFO  o.s.b.w.s.c.ServletWebServerApplicationContext - Root WebApplicationContext: initialization completed in 5250 ms
2025-10-15 20:42:09.920 [main] INFO  c.a.d.s.b.a.DruidDataSourceAutoConfigure - Init DruidDataSource
2025-10-15 20:42:10.045 [main] INFO  com.alibaba.druid.pool.DruidDataSource - {dataSource-1} inited
2025-10-15 20:42:10.191 [main] INFO  org.quartz.impl.StdSchedulerFactory - Using default implementation for ThreadExecutor
2025-10-15 20:42:10.207 [main] INFO  org.quartz.core.SchedulerSignalerImpl - Initialized Scheduler Signaller of type: class org.quartz.core.SchedulerSignalerImpl
2025-10-15 20:42:10.207 [main] INFO  org.quartz.core.QuartzScheduler - Quartz Scheduler v2.5.0 created.
2025-10-15 20:42:10.208 [main] INFO  org.quartz.simpl.RAMJobStore - RAMJobStore initialized.
2025-10-15 20:42:10.209 [main] INFO  org.quartz.core.QuartzScheduler - Scheduler meta-data: Quartz Scheduler (v2.5.0) 'schedulerFactory' with instanceId 'NON_CLUSTERED'
  Scheduler class: 'org.quartz.core.QuartzScheduler' - running locally.
  NOT STARTED.
  Currently in standby mode.
  Number of jobs executed: 0
  Using thread pool 'org.quartz.simpl.SimpleThreadPool' - with 10 threads.
  Using job-store 'org.quartz.simpl.RAMJobStore' - which does not support persistence. and is not clustered.

2025-10-15 20:42:10.209 [main] INFO  org.quartz.impl.StdSchedulerFactory - Quartz scheduler 'schedulerFactory' initialized from an externally provided properties instance.
2025-10-15 20:42:10.209 [main] INFO  org.quartz.impl.StdSchedulerFactory - Quartz scheduler version: 2.5.0
2025-10-15 20:42:10.210 [main] INFO  org.quartz.core.QuartzScheduler - JobFactory set to: com.xtechcn.cloud.job.support.CustomJobFactory@734a2c17
2025-10-15 20:42:10.296 [main] INFO  c.x.common.mp.config.XMybatisPlusAutoConfiguration - ###### SQL 美化插件注入完成 ######
2025-10-15 20:42:10.302 [main] INFO  c.x.common.mp.config.XMybatisPlusAutoConfiguration - ########### Mybatis-Plus 插件装配完毕 ###########
2025-10-15 20:42:10.388 [main] INFO  c.x.common.mp.config.XMybatisPlusAutoConfiguration - Mybatis-plus 属性填充配置类准备加载
2025-10-15 20:42:13.804 [main] INFO  c.x.common.oss.config.AliyunOssAutoConfiguration - *** aliyun oss client created ***
2025-10-15 20:42:15.975 [main] INFO  o.s.scheduling.quartz.SchedulerFactoryBean - Shutting down Quartz Scheduler
2025-10-15 20:42:15.975 [main] INFO  org.quartz.core.QuartzScheduler - Scheduler schedulerFactory_$_NON_CLUSTERED shutting down.
2025-10-15 20:42:15.975 [main] INFO  org.quartz.core.QuartzScheduler - Scheduler schedulerFactory_$_NON_CLUSTERED paused.
2025-10-15 20:42:15.977 [main] INFO  org.quartz.core.QuartzScheduler - Scheduler schedulerFactory_$_NON_CLUSTERED shutdown complete.
2025-10-15 20:42:15.977 [main] INFO  com.alibaba.druid.pool.DruidDataSource - {dataSource-1} closing ...
2025-10-15 20:42:15.979 [main] INFO  com.alibaba.druid.pool.DruidDataSource - {dataSource-1} closed
2025-10-15 20:42:16.021 [main] INFO  o.s.b.a.logging.ConditionEvaluationReportLogger - 

Error starting ApplicationContext. To display the condition evaluation report re-run your application with 'debug' enabled.
